// Jest Snapshot v1, https://goo.gl/fbAQLP

exports[`renders calculator component snapshot 1`] = `
Object {
  "asFragment": [Function],
  "baseElement": <body>
    <div>
      <nav>
        <h1>
          Math Magicians
        </h1>
        <ul
          class="nav__links"
        >
          <li>
             
            <a
              aria-current="page"
              class="active__link"
              href="/"
            >
              Home
            </a>
          </li>
          <li>
             
            <a
              href="/calculator"
            >
              Calculator
            </a>
          </li>
          <li>
             
            <a
              href="/quote"
            >
              Quote
            </a>
          </li>
        </ul>
      </nav>
      <div
        class="home__container"
      >
        <h2>
          Welcome to our page!
        </h2>
        <p>
          Lorem ipsum dolor sit amet, consectetur adipiscing elit. Nulla sagittis nibh ut neque sollicitudin vestibulum. Maecenas varius leo quis sem efficitur pharetra. Curabitur posuere ex orci, nec ultricies augue aliquet sed. Pellentesque id arcu et quam ultrices congue nec at lectus. Vestibulum ultrices lacus malesuada aliquet tincidunt. Integer a fermentum quam. Etiam commodo vestibulum metus ut imperdiet. Vivamus congue augue a ex tristique auctor. Ut suscipit tellus nibh, ut porta lorem tincidunt sit amet. Integer ornare nibh mauris, ut pharetra urna mollis et. Phasellus commodo finibus ante sit amet malesuada. Suspendisse porttitor lorem libero, sed ullamcorper nisi pulvinar quis. Vestibulum eu arcu eget arcu aliquam porttitor. Nulla ut scelerisque mauris. Nunc quis urna vitae mauris tincidunt fermentum at vitae odio.
        </p>
        <p>
          Praesent vel bibendum augue. Nullam eu viverra augue. Quisque semper eu neque sit amet mollis. Vivamus at nisl congue, eleifend urna ac, posuere lacus. Quisque lobortis dapibus gravida. Curabitur at lectus porttitor, mollis ex non, sodales ipsum. Aenean tristique non mi eget elementum. Nunc ac vulputate eros, in euismod arcu.
        </p>
      </div>
    </div>
  </body>,
  "container": <div>
    <nav>
      <h1>
        Math Magicians
      </h1>
      <ul
        class="nav__links"
      >
        <li>
           
          <a
            aria-current="page"
            class="active__link"
            href="/"
          >
            Home
          </a>
        </li>
        <li>
           
          <a
            href="/calculator"
          >
            Calculator
          </a>
        </li>
        <li>
           
          <a
            href="/quote"
          >
            Quote
          </a>
        </li>
      </ul>
    </nav>
    <div
      class="home__container"
    >
      <h2>
        Welcome to our page!
      </h2>
      <p>
        Lorem ipsum dolor sit amet, consectetur adipiscing elit. Nulla sagittis nibh ut neque sollicitudin vestibulum. Maecenas varius leo quis sem efficitur pharetra. Curabitur posuere ex orci, nec ultricies augue aliquet sed. Pellentesque id arcu et quam ultrices congue nec at lectus. Vestibulum ultrices lacus malesuada aliquet tincidunt. Integer a fermentum quam. Etiam commodo vestibulum metus ut imperdiet. Vivamus congue augue a ex tristique auctor. Ut suscipit tellus nibh, ut porta lorem tincidunt sit amet. Integer ornare nibh mauris, ut pharetra urna mollis et. Phasellus commodo finibus ante sit amet malesuada. Suspendisse porttitor lorem libero, sed ullamcorper nisi pulvinar quis. Vestibulum eu arcu eget arcu aliquam porttitor. Nulla ut scelerisque mauris. Nunc quis urna vitae mauris tincidunt fermentum at vitae odio.
      </p>
      <p>
        Praesent vel bibendum augue. Nullam eu viverra augue. Quisque semper eu neque sit amet mollis. Vivamus at nisl congue, eleifend urna ac, posuere lacus. Quisque lobortis dapibus gravida. Curabitur at lectus porttitor, mollis ex non, sodales ipsum. Aenean tristique non mi eget elementum. Nunc ac vulputate eros, in euismod arcu.
      </p>
    </div>
  </div>,
  "debug": [Function],
  "findAllByAltText": [Function],
  "findAllByDisplayValue": [Function],
  "findAllByLabelText": [Function],
  "findAllByPlaceholderText": [Function],
  "findAllByRole": [Function],
  "findAllByTestId": [Function],
  "findAllByText": [Function],
  "findAllByTitle": [Function],
  "findByAltText": [Function],
  "findByDisplayValue": [Function],
  "findByLabelText": [Function],
  "findByPlaceholderText": [Function],
  "findByRole": [Function],
  "findByTestId": [Function],
  "findByText": [Function],
  "findByTitle": [Function],
  "getAllByAltText": [Function],
  "getAllByDisplayValue": [Function],
  "getAllByLabelText": [Function],
  "getAllByPlaceholderText": [Function],
  "getAllByRole": [Function],
  "getAllByTestId": [Function],
  "getAllByText": [Function],
  "getAllByTitle": [Function],
  "getByAltText": [Function],
  "getByDisplayValue": [Function],
  "getByLabelText": [Function],
  "getByPlaceholderText": [Function],
  "getByRole": [Function],
  "getByTestId": [Function],
  "getByText": [Function],
  "getByTitle": [Function],
  "queryAllByAltText": [Function],
  "queryAllByDisplayValue": [Function],
  "queryAllByLabelText": [Function],
  "queryAllByPlaceholderText": [Function],
  "queryAllByRole": [Function],
  "queryAllByTestId": [Function],
  "queryAllByText": [Function],
  "queryAllByTitle": [Function],
  "queryByAltText": [Function],
  "queryByDisplayValue": [Function],
  "queryByLabelText": [Function],
  "queryByPlaceholderText": [Function],
  "queryByRole": [Function],
  "queryByTestId": [Function],
  "queryByText": [Function],
  "queryByTitle": [Function],
  "rerender": [Function],
  "unmount": [Function],
}
`;
