// Jest Snapshot v1, https://goo.gl/fbAQLP

exports[`renders calculator component snapshot 1`] = `
<DocumentFragment>
  <section
    class="calculator__container"
  >
    <header>
      <h2>
        Let's do some math!
      </h2>
    </header>
    <div>
      <div
        class="display"
      >
         0   
      </div>
      <div
        class="buttonContainer"
      >
        <div>
          <button
            type="button"
          >
            AC
          </button>
          <button
            type="button"
          >
            +/-
          </button>
          <button
            type="button"
          >
            %
          </button>
          <button
            type="button"
          >
            รท
          </button>
        </div>
        <div>
          <button
            type="button"
          >
            7
          </button>
          <button
            type="button"
          >
            8
          </button>
          <button
            type="button"
          >
            9
          </button>
          <button
            type="button"
          >
            x
          </button>
        </div>
        <div>
          <button
            type="button"
          >
            4
          </button>
          <button
            type="button"
          >
            5
          </button>
          <button
            type="button"
          >
            6
          </button>
          <button
            type="button"
          >
            -
          </button>
        </div>
        <div>
          <button
            type="button"
          >
            1
          </button>
          <button
            type="button"
          >
            2
          </button>
          <button
            type="button"
          >
            3
          </button>
          <button
            type="button"
          >
            +
          </button>
        </div>
        <div>
          <button
            class="zero"
            type="button"
          >
            0
          </button>
          <button
            type="button"
          >
            .
          </button>
          <button
            type="button"
          >
            =
          </button>
        </div>
      </div>
    </div>
  </section>
</DocumentFragment>
`;
