// Jest Snapshot v1, https://goo.gl/fbAQLP

exports[`renders quote component snapshot 1`] = `
<DocumentFragment>
  <div
    class="quoteContainer"
  >
    <h2>
      Mathematics is not about numbers, quations, computations, or algorithms; It is about understanding. 
    </h2>
    <h4>
      - William Paul Thurston
    </h4>
  </div>
</DocumentFragment>
`;
